// Jest Snapshot v1, https://goo.gl/fbAQLP

exports[`Should UserBlock render correctly 1`] = `
<div
  className="user-block"
>
  <div
    className="user-block__avatar"
    onClick={[Function]}
  >
    <img
      alt="User avatar"
      height="63"
      src="/img/avatar.png"
      width="63"
    />
  </div>
</div>
`;
